{"timestamp":"2026-09-03T09:34:10.000Z","level":2,"category":"MEMORY_MANAGER","message":"内存监控已启动，间隔: 5000ms"}
{"timestamp":"2026-09-03T09:34:10.001Z","level":2,"category":"MEMORY_MANAGER","message":"内存管理服务初始化完成"}
{"timestamp":"2026-09-03T09:34:10.001Z","level":2,"category":"RESOURCE_MANAGER","message":"资源监控已启动，间隔: 60000ms"}
{"timestamp":"2026-09-03T09:34:10.001Z","level":2,"category":"RESOURCE_MANAGER","message":"资源管理服务初始化完成"}
{"timestamp":"2026-09-03T09:34:10.002Z","level":3,"category":"PERFORMANCE_OPTIMIZER","message":"配置加载完成"}
{"timestamp":"2026-09-03T09:34:10.070Z","level":2,"category":"AI_ERROR_HANDLER","message":"AI错误处理服务已启动"}
{"timestamp":"2026-09-03T09:34:10.099Z","level":2,"category":"PERFORMANCE_OPTIMIZER","message":"性能监控已启动，间隔: 10000ms"}
{"timestamp":"2026-09-03T09:34:10.099Z","level":2,"category":"PERFORMANCE_OPTIMIZER","message":"性能优化服务初始化完成"}
{"timestamp":"2026-09-03T09:34:10.259Z","level":2,"category":"CONFIG","message":"[ConfigOrchestrator] flushAndEmitChanges source=user changedKeys=[\"MACHINE_ID\"]"}
{"timestamp":"2026-09-03T09:34:10.260Z","level":3,"category":"MAIN","message":"[enrichAIStatus] 配置变更，清除 AI 状态缓存及硬件后端缓存"}
{"timestamp":"2026-09-03T09:34:10.261Z","level":2,"category":"SYSTEM_HEALTH","message":"Machine ID initialized {\n  \"machineId\": \"9e5062499c9d4fabd8f5cb15f8677dc71aaa5690c70e7b4d0cca252f26748e3e\"\n}"}
{"timestamp":"2026-09-03T09:34:10.264Z","level":2,"category":"CONFIG","message":"[ConfigOrchestrator] flushAndEmitChanges source=runtime changedKeys=[\"USER_TIER_CACHE_DATA\"]"}
{"timestamp":"2026-09-03T09:34:10.264Z","level":2,"category":"SYSTEM","message":"PostHog 主进程服务已初始化, ID: 9e5062499c9d4fabd8f5cb15f8677dc71aaa5690c70e7b4d0cca252f26748e3e"}
{"timestamp":"2026-09-03T09:34:10.264Z","level":2,"category":"MAIN","message":"[App] 身份系统与追踪服务早期初始化完成"}
{"timestamp":"2026-09-03T09:34:10.274Z","level":2,"category":"IPC","message":"注册云端模型配置IPC处理器..."}
{"timestamp":"2026-09-03T09:34:10.274Z","level":2,"category":"IPC","message":"云端模型配置IPC处理器注册完成"}
{"timestamp":"2026-09-03T09:34:10.274Z","level":2,"category":"IPC","message":"注册本地模型配置相关 IPC 处理器..."}
{"timestamp":"2026-09-03T09:34:10.276Z","level":2,"category":"MAIN","message":"正在注册 FFmpeg IPC 处理器..."}
{"timestamp":"2026-09-03T09:34:10.277Z","level":3,"category":"AI_SERVICE","message":"当前配置的 AI 引擎: lla**.cpp (构建时默认: lla**.cpp)"}
{"timestamp":"2026-09-03T09:34:10.277Z","level":2,"category":"MAIN","message":"[IPC] 当前 AI 引擎: lla**.cpp"}
{"timestamp":"2026-09-03T09:34:10.277Z","level":2,"category":"MAIN","message":"[IPC] 模型下载管理 IPC 处理程序注册完成"}
{"timestamp":"2026-09-03T09:34:10.277Z","level":2,"category":"MAIN","message":"[IPC] 注册数据库直连 IPC 处理程序 (开发/测试模式)"}
{"timestamp":"2026-09-03T09:34:10.277Z","level":2,"category":"MAIN","message":"[IPC] 所有 IPC 处理程序注册完成"}
{"timestamp":"2026-09-03T09:34:10.278Z","level":2,"category":"MAIN","message":"[App] 启动状态检测: isFirstRun=true, isUpgrade=false (Stored: 3.5.2, Current: 3.5.2)"}
{"timestamp":"2026-09-03T09:34:10.278Z","level":2,"category":"MAIN","message":"[App] 检测到首次运行或版本升级，提前创建窗口以显示安装遮罩"}
{"timestamp":"2026-09-03T09:34:10.278Z","level":2,"category":"MAIN","message":"[createWindow] 开始创建主浏览器窗口..."}
{"timestamp":"2026-09-03T09:34:10.319Z","level":2,"category":"MAIN","message":"[createWindow] 主浏览器窗口已创建，并设置为隐藏。"}
{"timestamp":"2026-09-03T09:34:10.319Z","level":2,"category":"MAIN","message":"[createWindow] 正在加**.html..."}
{"timestamp":"2026-09-03T09:34:10.319Z","level":2,"category":"MAIN","message":"[createWindow] 找到并**.html: /usr/lib/firefly-ai-folder-cn/resources/app/out_build/renderer/ind**.html"}
{"timestamp":"2026-09-03T09:34:10.331Z","level":2,"category":"MAIN","message":"[createWindow] 生产环**.html加载完成。"}
{"timestamp":"2026-09-03T09:34:10.338Z","level":2,"category":"DATABASE_SERVICE","message":"语言尚未确认 (LANGUAGE_CONFIRMED = false)，跳过 ensureInitialized 数据库自动创建"}
{"timestamp":"2026-09-03T09:34:10.339Z","level":2,"category":"SYSTEM","message":"[Region] 正在通过探测 goo**.com 和 bai**.com 进行网络环境识别..."}
{"timestamp":"2026-09-03T09:34:10.342Z","level":2,"category":"MAIN","message":"[App] 已将 AI 引擎配置注入 ConfigOrchestrator: lla**.cpp"}
{"timestamp":"2026-09-03T09:34:10.342Z","level":2,"category":"MAIN","message":"[App] 身份系统与追踪服务初始化已就绪"}
{"timestamp":"2026-09-03T09:34:10.343Z","level":2,"category":"MAIN","message":"[App] 应用启动，进入配置阶段..."}
{"timestamp":"2026-09-03T09:34:10.343Z","level":2,"category":"SYSTEM","message":"[TrayService] 系统托盘初始化成功"}
{"timestamp":"2026-09-03T09:34:10.658Z","level":2,"category":"MAIN","message":"[createWindow] 显示启动画面 (使用 boo**.jpg)"}
{"timestamp":"2026-09-03T09:34:11.350Z","level":2,"category":"SYSTEM_HEALTH","message":"硬件资源检测: 使用 fastfetch 执行实时系统扫描..."}
{"timestamp":"2026-09-03T09:34:11.377Z","level":2,"category":"AI_SERVICE","message":"[完整性校验] 开始校验驱动包: fastfetch-2.62.0-linux-x64 (1 个文件待检查)"}
{"timestamp":"2026-09-03T09:34:11.377Z","level":2,"category":"AI_SERVICE","message":"[完整性校验] ✅ 驱动包 fastfetch-2.62.0-linux-x64 完整性校验通过"}
{"timestamp":"2026-09-03T09:34:11.381Z","level":2,"category":"AI_SERVICE","message":"[完整性校验] 已写入校验通过标记: /root/.config/firefly-ai-folder-cn/.integrity-markers/.integrity-verified-fastfetch-2.62.0-linux-x64"}
{"timestamp":"2026-09-03T09:34:11.385Z","level":2,"category":"MAIN","message":"[createWindow] 渲染进程内容已加载完毕，准备显示窗口。"}
{"timestamp":"2026-09-03T09:34:11.390Z","level":2,"category":"MAIN","message":"__IS_PROD__: true"}
{"timestamp":"2026-09-03T09:34:11.390Z","level":2,"category":"MAIN","message":"[createWindow] 应用窗口尺寸配置: 1600x1100"}
{"timestamp":"2026-09-03T09:34:11.390Z","level":2,"category":"MAIN","message":"[createWindow] 窗口已显示，最终尺寸: 1279x1023"}
{"timestamp":"2026-09-03T09:34:11.475Z","level":2,"category":"HARDWARE_DETECTION","message":"[完整性校验] ⏭️ fastfetch-2.62.0-linux-x64 之前已通过完整性校验，跳过本次检查"}
{"timestamp":"2026-09-03T09:34:11.478Z","level":2,"category":"HARDWARE_DETECTION","message":"[Fastfetch] 原始检测结果数据: [\n  {\n    \"type\": \"Title\",\n    \"result\": {\n      \"userId\": 0,\n      \"userName\": \"root\",\n      \"fullUserName\": \"root\",\n      \"hostName\": \"de7d7ff05692\",\n      \"homeDir\": \"/root/\",\n      \"exePath\": \"/usr/lib/firefly-ai-folder-cn/resources/bin/fastfetch-2.62.0-linux-x64/fastfetch\",\n      \"userShell\": \"/bin/bash\",\n      \"pid\": 8909,\n      \"cwd\": \"/work/\"\n    }\n  },\n  {\n    \"type\": \"Separator\",\n    \"error\": \"Unsupported for JSON format\"\n  },\n  {\n    \"type\": \"OS\",\n    \"result\": {\n      \"buildID\": \"\",\n      \"codename\": \"jammy\",\n      \"id\": \"ubuntu\",\n      \"idLike\": \"debian\",\n      \"name\": \"Ubuntu\",\n      \"prettyName\": \"Ubuntu 22.04.5 LTS (Jammy Jellyfish)\",\n      \"variant\": \"\",\n      \"variantID\": \"\",\n      \"version\": \"22.04.5 LTS (Jammy Jellyfish)\",\n      \"versionID\": \"22.04\"\n    }\n  },\n  {\n    \"type\": \"Host\",\n    \"result\": {\n      \"family\": \"Virtual Machine\",\n      \"name\": \"Virtual Machine\",\n      \"version\": \"Hyper-V UEFI Release v4.1\",\n      \"sku\": \"\",\n      \"vendor\": \"Microsoft Corporation\",\n      \"serial\": \"0000-0003-0394-1162-0598-8592-15\",\n      \"uuid\": \"\"\n    }\n  },\n  {\n    \"type\": \"Kernel\",\n    \"result\": {\n      \"architecture\": \"x86_64\",\n      \"name\": \"Linux\",\n      \"release\": \"6.17.0-1022-azure\",\n      \"version\": \"#22-Ubuntu SMP Mon Jul 27 17:24:03 UTC 2026\",\n      \"pageSize\": 4096\n    }\n  },\n  {\n    \"type\": \"Uptime\",\n    \"result\": {\n      \"uptime\": 316910,\n      \"bootTime\": \"2026-09-03T09:28:54.459+0000\"\n    }\n  },\n  {\n    \"type\": \"Packages\",\n    \"result\": {\n      \"all\": 600,\n      \"dpkg\": 600\n    }\n  },\n  {\n    \"type\": \"Shell\",\n    \"result\": {\n      \"exe\": \"/usr/bin/firefly-ai-folder-cn\",\n      \"exeName\": \"firefly-ai-folder-cn\",\n      \"exePath\": \"/usr/lib/firefly-ai-folder-cn/firefly-ai-folder-cn\",\n      \"pid\": 8720,\n      \"ppid\": 8707,\n      \"processName\": \"firefly-ai-fold\",\n      \"prettyName\": \"firefly-ai-folder-cn\",\n      \"version\": \"\",\n      \"tty\": 0\n    }\n  },\n  {\n    \"type\": \"Display\",\n    \"result\": [\n      {\n        \"id\": 0,\n        \"name\": \"screen\",\n        \"primary\": false,\n        \"output\": {\n          \"width\": 1280,\n          \"height\": 1024,\n          \"refreshRate\": null,\n          \"drrStatus\": null,\n          \"dpi\": 96\n        },\n        \"scaled\": {\n          \"width\": 1280,\n          \"height\": 1024\n        },\n        \"preferred\": {\n          \"width\": 0,\n          \"height\": 0,\n          \"refreshRate\": 0\n        },\n        \"physical\": {\n          \"width\": 0,\n          \"height\": 0\n        },\n        \"rotation\": 0,\n        \"bitDepth\": 8,\n        \"hdrStatus\": null,\n        \"type\": \"Unknown\",\n        \"manufactureDate\": null,\n        \"serial\": null,\n        \"platformApi\": \"xcb-randr-mode\"\n      }\n    ]\n  },\n  {\n    \"type\": \"DE\",\n    \"error\": \"No DE found\"\n  },\n  {\n    \"type\": \"WM\",\n    \"error\": \"No WM found\"\n  },\n  {\n    \"type\": \"WMTheme\",\n    \"error\": \"WM Theme needs successful WM detection\"\n  },\n  {\n    \"type\": \"Theme\",\n    \"result\": {\n      \"theme1\": \"\",\n      \"theme2\": \"Yaru [GTK3]\"\n    }\n  },\n  {\n    \"type\": \"Icons\",\n    \"result\": {\n      \"icons1\": \"\",\n      \"icons2\": \"Yaru [GTK3]\"\n    }\n  },\n  {\n    \"type\": \"Font\",\n    \"error\": \"No fonts found\"\n  },\n  {\n    \"type\": \"Cursor\",\n    \"result\": {\n      \"theme\": \"Adwaita\",\n      \"size\": \"\"\n    }\n  },\n  {\n    \"type\": \"Terminal\",\n    \"result\": {\n      \"processName\": \"node\",\n      \"exe\": \"/usr/bin/node\",\n      \"exeName\": \"node\",\n      \"exePath\": \"/usr/bin/node\",\n      \"pid\": 8707,\n      \"ppid\": 8694,\n      \"prettyName\": \"node\",\n      \"version\": \"\",\n      \"tty\": \"\"\n    }\n  },\n  {\n    \"type\": \"TerminalFont\",\n    \"error\": \"Unknown terminal: node\"\n  },\n  {\n    \"type\": \"CPU\",\n    \"result\": {\n      \"cpu\": \"AMD EPYC 9V74 80-Core\",\n      \"vendor\": \"AuthenticAMD\",\n      \"packages\": 1,\n      \"cores\": {\n        \"physical\": 2,\n        \"logical\": 4,\n        \"online\": 4\n      },\n      \"frequency\": {\n        \"base\": 2870,\n        \"max\": 0\n      },\n      \"coreTypes\": [],\n      \"temperature\": null,\n      \"march\": \"x86_64-v3\",\n      \"numaNodes\": 1\n    }\n  },\n  {\n    \"type\": \"GPU\",\n    \"result\": [\n      {\n        \"index\": null,\n        \"coreCount\": null,\n        \"coreUsage\": null,\n        \"memory\": {\n          \"dedicated\": {\n            \"total\": 0,\n            \"used\": 0\n          },\n          \"shared\": {\n            \"total\": 0,\n            \"used\": 0\n          },\n          \"type\": null\n        },\n        \"driver\": \"\",\n        \"name\": \"llvmpipe (LLVM 15.0.7, 256 bits)\",\n        \"temperature\": null,\n        \"type\": null,\n        \"vendor\": \"Mesa\",\n        \"platformApi\": \"OpenGL 4.5 (Compatibility Profile) Mesa 23.2.1-1ubuntu3.1~22.04.4\",\n        \"frequency\": null,\n        \"deviceId\": 0\n      }\n    ]\n  },\n  {\n    \"type\": \"Memory\",\n    \"result\": {\n      \"total\": 16766410752,\n      \"used\": 1702301696\n    }\n  },\n  {\n    \"type\": \"Swap\",\n    \"result\": [\n      {\n        \"name\": \"/swapfile\",\n        \"used\": 0,\n        \"total\": 3221221376\n      }\n    ]\n  },\n  {\n    \"type\": \"Disk\",\n    \"result\": [\n      {\n        \"bytes\": {\n          \"available\": 85136850944,\n          \"free\": 85153628160,\n          \"total\": 154894188544,\n          \"used\": 69740560384\n        },\n        \"files\": {\n          \"total\": 19529728,\n          \"used\": 1160688\n        },\n        \"filesystem\": \"overlay\",\n        \"mountpoint\": \"/\",\n        \"mountFrom\": \"overlay\",\n        \"name\": \"\",\n        \"volumeType\": [\n          \"Regular\"\n        ],\n        \"createTime\": \"2026-09-03T09:30:47.583+0000\"\n      }\n    ]\n  },\n  {\n    \"type\": \"LocalIp\",\n    \"result\": [\n      {\n        \"name\": \"eth0\",\n        \"defaultRoute\": {\n          \"ipv4\": true\n        },\n        \"ipv4\": \"172.17.0.2/16\"\n      }\n    ]\n  },\n  {\n    \"type\": \"Battery\",\n    \"result\": []\n  },\n  {\n    \"type\": \"PowerAdapter\",\n    \"result\": []\n  },\n  {\n    \"type\": \"Locale\",\n    \"result\": \"en_US.UTF-8\"\n  },\n  {\n    \"type\": \"Break\",\n    \"error\": \"Unsupported for JSON format\"\n  },\n  {\n    \"type\": \"Colors\",\n    \"error\": \"Unsupported for JSON format\"\n  }\n]"}
{"timestamp":"2026-09-03T09:34:11.479Z","level":3,"category":"HARDWARE_DETECTION","message":"解析并去重完成的 GPU 列表: [\n  {\n    \"name\": \"llvmpipe (LLVM 15.0.7, 256 bits)\",\n    \"memory\": 0,\n    \"vendor\": \"unknown\",\n    \"isIntegrated\": false,\n    \"supportsCUDA\": false,\n    \"supportsVulkan\": true,\n    \"supportsHip\": false,\n    \"supportsMetal\": false,\n    \"supportsSycl\": false,\n    \"supportsOpenVINO\": false,\n    \"supportsCPU\": true\n  }\n]"}
{"timestamp":"2026-09-03T09:34:11.479Z","level":2,"category":"HARDWARE_DETECTION","message":"[Fastfetch] 硬件与GPU识别结果汇总: {\n  \"cpu\": \"AMD EPYC 9V74 80-Core\",\n  \"memoryTotalMB\": 15990,\n  \"gpuCount\": 1,\n  \"gpus\": [\n    {\n      \"name\": \"llvmpipe (LLVM 15.0.7, 256 bits)\",\n      \"vendor\": \"unknown\",\n      \"memoryMB\": 0,\n      \"isIntegrated\": false,\n      \"supportsCUDA\": false,\n      \"supportsHip\": false,\n      \"supportsVulkan\": true,\n      \"supportsMetal\": false,\n      \"supportsSycl\": false,\n      \"supportsOpenVINO\": false,\n      \"supportsCPU\": true\n    }\n  ]\n}"}
{"timestamp":"2026-09-03T09:34:11.485Z","level":2,"category":"CONFIG","message":"[ConfigOrchestrator] flushAndEmitChanges source=runtime changedKeys=[\"HARDWARE_CPU_INFO\",\"HARDWARE_MEMORY_INFO\",\"HARDWARE_GPU_INFO\",\"HARDWARE_STORAGE_INFO\",\"HARDWARE_FASTFETCH_RAW\"]"}
{"timestamp":"2026-09-03T09:34:11.486Z","level":2,"category":"SYSTEM_HEALTH","message":"硬件资源检测: 已同步最新硬件信息到统一配置"}
{"timestamp":"2026-09-03T09:34:11.499Z","level":2,"category":"SYSTEM","message":"[Region] 探测完成。Google: 连通, 百度: 连通 -> 最终决策: cn"}
{"timestamp":"2026-09-03T09:34:11.522Z","level":2,"category":"HARDWARE_DETECTION","message":"[Fastfetch] 原始检测结果数据: [\n  {\n    \"type\": \"Title\",\n    \"result\": {\n      \"userId\": 0,\n      \"userName\": \"root\",\n      \"fullUserName\": \"root\",\n      \"hostName\": \"de7d7ff05692\",\n      \"homeDir\": \"/root/\",\n      \"exePath\": \"/usr/lib/firefly-ai-folder-cn/resources/bin/fastfetch-2.62.0-linux-x64/fastfetch\",\n      \"userShell\": \"/bin/bash\",\n      \"pid\": 8919,\n      \"cwd\": \"/work/\"\n    }\n  },\n  {\n    \"type\": \"Separator\",\n    \"error\": \"Unsupported for JSON format\"\n  },\n  {\n    \"type\": \"OS\",\n    \"result\": {\n      \"buildID\": \"\",\n      \"codename\": \"jammy\",\n      \"id\": \"ubuntu\",\n      \"idLike\": \"debian\",\n      \"name\": \"Ubuntu\",\n      \"prettyName\": \"Ubuntu 22.04.5 LTS (Jammy Jellyfish)\",\n      \"variant\": \"\",\n      \"variantID\": \"\",\n      \"version\": \"22.04.5 LTS (Jammy Jellyfish)\",\n      \"versionID\": \"22.04\"\n    }\n  },\n  {\n    \"type\": \"Host\",\n    \"result\": {\n      \"family\": \"Virtual Machine\",\n      \"name\": \"Virtual Machine\",\n      \"version\": \"Hyper-V UEFI Release v4.1\",\n      \"sku\": \"\",\n      \"vendor\": \"Microsoft Corporation\",\n      \"serial\": \"0000-0003-0394-1162-0598-8592-15\",\n      \"uuid\": \"\"\n    }\n  },\n  {\n    \"type\": \"Kernel\",\n    \"result\": {\n      \"architecture\": \"x86_64\",\n      \"name\": \"Linux\",\n      \"release\": \"6.17.0-1022-azure\",\n      \"version\": \"#22-Ubuntu SMP Mon Jul 27 17:24:03 UTC 2026\",\n      \"pageSize\": 4096\n    }\n  },\n  {\n    \"type\": \"Uptime\",\n    \"result\": {\n      \"uptime\": 317020,\n      \"bootTime\": \"2026-09-03T09:28:54.456+0000\"\n    }\n  },\n  {\n    \"type\": \"Packages\",\n    \"result\": {\n      \"all\": 600,\n      \"dpkg\": 600\n    }\n  },\n  {\n    \"type\": \"Shell\",\n    \"result\": {\n      \"exe\": \"/usr/bin/firefly-ai-folder-cn\",\n      \"exeName\": \"firefly-ai-folder-cn\",\n      \"exePath\": \"/usr/lib/firefly-ai-folder-cn/firefly-ai-folder-cn\",\n      \"pid\": 8720,\n      \"ppid\": 8707,\n      \"processName\": \"firefly-ai-fold\",\n      \"prettyName\": \"firefly-ai-folder-cn\",\n      \"version\": \"\",\n      \"tty\": 0\n    }\n  },\n  {\n    \"type\": \"Display\",\n    \"result\": [\n      {\n        \"id\": 0,\n        \"name\": \"screen\",\n        \"primary\": false,\n        \"output\": {\n          \"width\": 1280,\n          \"height\": 1024,\n          \"refreshRate\": null,\n          \"drrStatus\": null,\n          \"dpi\": 96\n        },\n        \"scaled\": {\n          \"width\": 1280,\n          \"height\": 1024\n        },\n        \"preferred\": {\n          \"width\": 0,\n          \"height\": 0,\n          \"refreshRate\": 0\n        },\n        \"physical\": {\n          \"width\": 0,\n          \"height\": 0\n        },\n        \"rotation\": 0,\n        \"bitDepth\": 8,\n        \"hdrStatus\": null,\n        \"type\": \"Unknown\",\n        \"manufactureDate\": null,\n        \"serial\": null,\n        \"platformApi\": \"xcb-randr-mode\"\n      }\n    ]\n  },\n  {\n    \"type\": \"DE\",\n    \"error\": \"No DE found\"\n  },\n  {\n    \"type\": \"WM\",\n    \"error\": \"No WM found\"\n  },\n  {\n    \"type\": \"WMTheme\",\n    \"error\": \"WM Theme needs successful WM detection\"\n  },\n  {\n    \"type\": \"Theme\",\n    \"result\": {\n      \"theme1\": \"\",\n      \"theme2\": \"Yaru [GTK3]\"\n    }\n  },\n  {\n    \"type\": \"Icons\",\n    \"result\": {\n      \"icons1\": \"\",\n      \"icons2\": \"Yaru [GTK3]\"\n    }\n  },\n  {\n    \"type\": \"Font\",\n    \"error\": \"No fonts found\"\n  },\n  {\n    \"type\": \"Cursor\",\n    \"result\": {\n      \"theme\": \"Adwaita\",\n      \"size\": \"\"\n    }\n  },\n  {\n    \"type\": \"Terminal\",\n    \"result\": {\n      \"processName\": \"node\",\n      \"exe\": \"/usr/bin/node\",\n      \"exeName\": \"node\",\n      \"exePath\": \"/usr/bin/node\",\n      \"pid\": 8707,\n      \"ppid\": 8694,\n      \"prettyName\": \"node\",\n      \"version\": \"\",\n      \"tty\": \"\"\n    }\n  },\n  {\n    \"type\": \"TerminalFont\",\n    \"error\": \"Unknown terminal: node\"\n  },\n  {\n    \"type\": \"CPU\",\n    \"result\": {\n      \"cpu\": \"AMD EPYC 9V74 80-Core\",\n      \"vendor\": \"AuthenticAMD\",\n      \"packages\": 1,\n      \"cores\": {\n        \"physical\": 2,\n        \"logical\": 4,\n        \"online\": 4\n      },\n      \"frequency\": {\n        \"base\": 2871,\n        \"max\": 0\n      },\n      \"coreTypes\": [],\n      \"temperature\": null,\n      \"march\": \"x86_64-v3\",\n      \"numaNodes\": 1\n    }\n  },\n  {\n    \"type\": \"GPU\",\n    \"result\": [\n      {\n        \"index\": null,\n        \"coreCount\": null,\n        \"coreUsage\": null,\n        \"memory\": {\n          \"dedicated\": {\n            \"total\": 0,\n            \"used\": 0\n          },\n          \"shared\": {\n            \"total\": 0,\n            \"used\": 0\n          },\n          \"type\": null\n        },\n        \"driver\": \"\",\n        \"name\": \"llvmpipe (LLVM 15.0.7, 256 bits)\",\n        \"temperature\": null,\n        \"type\": null,\n        \"vendor\": \"Mesa\",\n        \"platformApi\": \"OpenGL 4.5 (Compatibility Profile) Mesa 23.2.1-1ubuntu3.1~22.04.4\",\n        \"frequency\": null,\n        \"deviceId\": 0\n      }\n    ]\n  },\n  {\n    \"type\": \"Memory\",\n    \"result\": {\n      \"total\": 16766410752,\n      \"used\": 1703604224\n    }\n  },\n  {\n    \"type\": \"Swap\",\n    \"result\": [\n      {\n        \"name\": \"/swapfile\",\n        \"used\": 0,\n        \"total\": 3221221376\n      }\n    ]\n  },\n  {\n    \"type\": \"Disk\",\n    \"result\": [\n      {\n        \"bytes\": {\n          \"available\": 85129764864,\n          \"free\": 85146542080,\n          \"total\": 154894188544,\n          \"used\": 69747646464\n        },\n        \"files\": {\n          \"total\": 19529728,\n          \"used\": 1160700\n        },\n        \"filesystem\": \"overlay\",\n        \"mountpoint\": \"/\",\n        \"mountFrom\": \"overlay\",\n        \"name\": \"\",\n        \"volumeType\": [\n          \"Regular\"\n        ],\n        \"createTime\": \"2026-09-03T09:30:47.583+0000\"\n      }\n    ]\n  },\n  {\n    \"type\": \"LocalIp\",\n    \"result\": [\n      {\n        \"name\": \"eth0\",\n        \"defaultRoute\": {\n          \"ipv4\": true\n        },\n        \"ipv4\": \"172.17.0.2/16\"\n      }\n    ]\n  },\n  {\n    \"type\": \"Battery\",\n    \"result\": []\n  },\n  {\n    \"type\": \"PowerAdapter\",\n    \"result\": []\n  },\n  {\n    \"type\": \"Locale\",\n    \"result\": \"en_US.UTF-8\"\n  },\n  {\n    \"type\": \"Break\",\n    \"error\": \"Unsupported for JSON format\"\n  },\n  {\n    \"type\": \"Colors\",\n    \"error\": \"Unsupported for JSON format\"\n  }\n]"}
{"timestamp":"2026-09-03T09:34:11.532Z","level":2,"category":"CONFIG","message":"[ConfigOrchestrator] flushAndEmitChanges source=runtime changedKeys=[\"HARDWARE_CPU_INFO\",\"HARDWARE_MEMORY_INFO\",\"HARDWARE_STORAGE_INFO\",\"HARDWARE_FASTFETCH_RAW\"]"}
{"timestamp":"2026-09-03T09:34:11.565Z","level":2,"category":"MODEL_CONFIG","message":"[UnifiedModelManager Debug] localVal=undefined, ollamaVal=undefined, hasConfigDbManager=false"}
{"timestamp":"2026-09-03T09:34:11.565Z","level":2,"category":"MODEL_CONFIG","message":"[UnifiedModelManager] 从统一配置中成功载入了 0 个模型配置"}
{"timestamp":"2026-09-03T09:34:11.595Z","level":3,"category":"IPC","message":"[ModelDownloadManagerIPC] 检查模型下载状态: LiquidAI/LFM2.5-1.2B-Instruct-GGUF:Q4_K_M undefined"}
{"timestamp":"2026-09-03T09:34:12.095Z","level":3,"category":"CONFIG","message":"ConfigOrchestrator: 跳过对只读 DB 管理 key 的写入: NEXT_VERSION"}
{"timestamp":"2026-09-03T09:34:12.096Z","level":3,"category":"CONFIG","message":"ConfigOrchestrator: 跳过对只读 DB 管理 key 的写入: LOCAL_MODEL_CONFIGS"}
{"timestamp":"2026-09-03T09:34:12.096Z","level":3,"category":"CONFIG","message":"ConfigOrchestrator: 跳过对只读 DB 管理 key 的写入: LOCAL_MODEL_CONFIGS_OLLAMA"}
{"timestamp":"2026-09-03T09:34:15.001Z","level":1,"category":"FILE_ANALYSIS","message":"[资源监控] CPU使用较高: User 992ms, System 329ms"}
{"timestamp":"2026-09-03T09:34:15.278Z","level":2,"category":"MAIN","message":"正在初始化配置阶段所需的最小服务..."}
{"timestamp":"2026-09-03T09:34:15.279Z","level":2,"category":"MAIN","message":"日志服务初始化成功"}
{"timestamp":"2026-09-03T09:34:15.279Z","level":2,"category":"MAIN","message":"错误处理服务初始化成功"}
{"timestamp":"2026-09-03T09:34:15.279Z","level":2,"category":"MAIN","message":"自动恢复服务初始化成功"}
{"timestamp":"2026-09-03T09:34:15.279Z","level":2,"category":"MAIN","message":"正在初始化系统健康检查服务..."}
{"timestamp":"2026-09-03T09:34:15.279Z","level":2,"category":"MAIN","message":"系统健康检查服务初始化成功"}
{"timestamp":"2026-09-03T09:34:15.279Z","level":2,"category":"STARTUP","message":"正在同步检测系统硬件资源..."}
{"timestamp":"2026-09-03T09:34:15.328Z","level":2,"category":"HARDWARE_DETECTION","message":"[Fastfetch] 原始检测结果数据: [\n  {\n    \"type\": \"Title\",\n    \"result\": {\n      \"userId\": 0,\n      \"userName\": \"root\",\n      \"fullUserName\": \"root\",\n      \"hostName\": \"de7d7ff05692\",\n      \"homeDir\": \"/root/\",\n      \"exePath\": \"/usr/lib/firefly-ai-folder-cn/resources/bin/fastfetch-2.62.0-linux-x64/fastfetch\",\n      \"userShell\": \"/bin/bash\",\n      \"pid\": 8929,\n      \"cwd\": \"/work/\"\n    }\n  },\n  {\n    \"type\": \"Separator\",\n    \"error\": \"Unsupported for JSON format\"\n  },\n  {\n    \"type\": \"OS\",\n    \"result\": {\n      \"buildID\": \"\",\n      \"codename\": \"jammy\",\n      \"id\": \"ubuntu\",\n      \"idLike\": \"debian\",\n      \"name\": \"Ubuntu\",\n      \"prettyName\": \"Ubuntu 22.04.5 LTS (Jammy Jellyfish)\",\n      \"variant\": \"\",\n      \"variantID\": \"\",\n      \"version\": \"22.04.5 LTS (Jammy Jellyfish)\",\n      \"versionID\": \"22.04\"\n    }\n  },\n  {\n    \"type\": \"Host\",\n    \"result\": {\n      \"family\": \"Virtual Machine\",\n      \"name\": \"Virtual Machine\",\n      \"version\": \"Hyper-V UEFI Release v4.1\",\n      \"sku\": \"\",\n      \"vendor\": \"Microsoft Corporation\",\n      \"serial\": \"0000-0003-0394-1162-0598-8592-15\",\n      \"uuid\": \"\"\n    }\n  },\n  {\n    \"type\": \"Kernel\",\n    \"result\": {\n      \"architecture\": \"x86_64\",\n      \"name\": \"Linux\",\n      \"release\": \"6.17.0-1022-azure\",\n      \"version\": \"#22-Ubuntu SMP Mon Jul 27 17:24:03 UTC 2026\",\n      \"pageSize\": 4096\n    }\n  },\n  {\n    \"type\": \"Uptime\",\n    \"result\": {\n      \"uptime\": 320840,\n      \"bootTime\": \"2026-09-03T09:28:54.454+0000\"\n    }\n  },\n  {\n    \"type\": \"Packages\",\n    \"result\": {\n      \"all\": 600,\n      \"dpkg\": 600\n    }\n  },\n  {\n    \"type\": \"Shell\",\n    \"result\": {\n      \"exe\": \"/usr/bin/firefly-ai-folder-cn\",\n      \"exeName\": \"firefly-ai-folder-cn\",\n      \"exePath\": \"/usr/lib/firefly-ai-folder-cn/firefly-ai-folder-cn\",\n      \"pid\": 8720,\n      \"ppid\": 8707,\n      \"processName\": \"firefly-ai-fold\",\n      \"prettyName\": \"firefly-ai-folder-cn\",\n      \"version\": \"\",\n      \"tty\": 0\n    }\n  },\n  {\n    \"type\": \"Display\",\n    \"result\": [\n      {\n        \"id\": 0,\n        \"name\": \"screen\",\n        \"primary\": false,\n        \"output\": {\n          \"width\": 1280,\n          \"height\": 1024,\n          \"refreshRate\": null,\n          \"drrStatus\": null,\n          \"dpi\": 96\n        },\n        \"scaled\": {\n          \"width\": 1280,\n          \"height\": 1024\n        },\n        \"preferred\": {\n          \"width\": 0,\n          \"height\": 0,\n          \"refreshRate\": 0\n        },\n        \"physical\": {\n          \"width\": 0,\n          \"height\": 0\n        },\n        \"rotation\": 0,\n        \"bitDepth\": 8,\n        \"hdrStatus\": null,\n        \"type\": \"Unknown\",\n        \"manufactureDate\": null,\n        \"serial\": null,\n        \"platformApi\": \"xcb-randr-mode\"\n      }\n    ]\n  },\n  {\n    \"type\": \"DE\",\n    \"error\": \"No DE found\"\n  },\n  {\n    \"type\": \"WM\",\n    \"error\": \"No WM found\"\n  },\n  {\n    \"type\": \"WMTheme\",\n    \"error\": \"WM Theme needs successful WM detection\"\n  },\n  {\n    \"type\": \"Theme\",\n    \"result\": {\n      \"theme1\": \"\",\n      \"theme2\": \"Yaru [GTK3]\"\n    }\n  },\n  {\n    \"type\": \"Icons\",\n    \"result\": {\n      \"icons1\": \"\",\n      \"icons2\": \"Yaru [GTK3]\"\n    }\n  },\n  {\n    \"type\": \"Font\",\n    \"error\": \"No fonts found\"\n  },\n  {\n    \"type\": \"Cursor\",\n    \"result\": {\n      \"theme\": \"Adwaita\",\n      \"size\": \"\"\n    }\n  },\n  {\n    \"type\": \"Terminal\",\n    \"result\": {\n      \"processName\": \"node\",\n      \"exe\": \"/usr/bin/node\",\n      \"exeName\": \"node\",\n      \"exePath\": \"/usr/bin/node\",\n      \"pid\": 8707,\n      \"ppid\": 8694,\n      \"prettyName\": \"node\",\n      \"version\": \"\",\n      \"tty\": \"\"\n    }\n  },\n  {\n    \"type\": \"TerminalFont\",\n    \"error\": \"Unknown terminal: node\"\n  },\n  {\n    \"type\": \"CPU\",\n    \"result\": {\n      \"cpu\": \"AMD EPYC 9V74 80-Core\",\n      \"vendor\": \"AuthenticAMD\",\n      \"packages\": 1,\n      \"cores\": {\n        \"physical\": 2,\n        \"logical\": 4,\n        \"online\": 4\n      },\n      \"frequency\": {\n        \"base\": 2869,\n        \"max\": 0\n      },\n      \"coreTypes\": [],\n      \"temperature\": null,\n      \"march\": \"x86_64-v3\",\n      \"numaNodes\": 1\n    }\n  },\n  {\n    \"type\": \"GPU\",\n    \"result\": [\n      {\n        \"index\": null,\n        \"coreCount\": null,\n        \"coreUsage\": null,\n        \"memory\": {\n          \"dedicated\": {\n            \"total\": 0,\n            \"used\": 0\n          },\n          \"shared\": {\n            \"total\": 0,\n            \"used\": 0\n          },\n          \"type\": null\n        },\n        \"driver\": \"\",\n        \"name\": \"llvmpipe (LLVM 15.0.7, 256 bits)\",\n        \"temperature\": null,\n        \"type\": null,\n        \"vendor\": \"Mesa\",\n        \"platformApi\": \"OpenGL 4.5 (Compatibility Profile) Mesa 23.2.1-1ubuntu3.1~22.04.4\",\n        \"frequency\": null,\n        \"deviceId\": 0\n      }\n    ]\n  },\n  {\n    \"type\": \"Memory\",\n    \"result\": {\n      \"total\": 16766410752,\n      \"used\": 1747116032\n    }\n  },\n  {\n    \"type\": \"Swap\",\n    \"result\": [\n      {\n        \"name\": \"/swapfile\",\n        \"used\": 0,\n        \"total\": 3221221376\n      }\n    ]\n  },\n  {\n    \"type\": \"Disk\",\n    \"result\": [\n      {\n        \"bytes\": {\n          \"available\": 85122101248,\n          \"free\": 85138878464,\n          \"total\": 154894188544,\n          \"used\": 69755310080\n        },\n        \"files\": {\n          \"total\": 19529728,\n          \"used\": 1160734\n        },\n        \"filesystem\": \"overlay\",\n        \"mountpoint\": \"/\",\n        \"mountFrom\": \"overlay\",\n        \"name\": \"\",\n        \"volumeType\": [\n          \"Regular\"\n        ],\n        \"createTime\": \"2026-09-03T09:30:47.583+0000\"\n      }\n    ]\n  },\n  {\n    \"type\": \"LocalIp\",\n    \"result\": [\n      {\n        \"name\": \"eth0\",\n        \"defaultRoute\": {\n          \"ipv4\": true\n        },\n        \"ipv4\": \"172.17.0.2/16\"\n      }\n    ]\n  },\n  {\n    \"type\": \"Battery\",\n    \"result\": []\n  },\n  {\n    \"type\": \"PowerAdapter\",\n    \"result\": []\n  },\n  {\n    \"type\": \"Locale\",\n    \"result\": \"en_US.UTF-8\"\n  },\n  {\n    \"type\": \"Break\",\n    \"error\": \"Unsupported for JSON format\"\n  },\n  {\n    \"type\": \"Colors\",\n    \"error\": \"Unsupported for JSON format\"\n  }\n]"}
{"timestamp":"2026-09-03T09:34:15.332Z","level":2,"category":"STARTUP","message":"硬件资源检测完成，正在对比变更... {\n  \"cpu\": \"AMD EPYC 9V74 80-Core\",\n  \"memory\": 15990,\n  \"gpus\": 1\n}"}
{"timestamp":"2026-09-03T09:34:15.332Z","level":2,"category":"STARTUP","message":"检测到硬件信息变更，更新本地配置并同步云端"}
{"timestamp":"2026-09-03T09:34:15.332Z","level":3,"category":"SUPABASE","message":"CloudAnalysisService: SyncFeatures skipped, IdentityProvider not set yet"}
{"timestamp":"2026-09-03T09:34:15.333Z","level":2,"category":"SUPABASE","message":"CloudAnalysisService: Custom Supabase client injected"}
{"timestamp":"2026-09-03T09:34:15.333Z","level":2,"category":"SUPABASE","message":"CloudAnalysisService: Setting identity headers {\n  \"machineId\": \"9e5062499c9d4fabd8f5cb15f8677dc71aaa5690c70e7b4d0cca252f26748e3e\",\n  \"signature\": \"7d8aad0f...\"\n}"}
{"timestamp":"2026-09-03T09:34:15.334Z","level":2,"category":"MAIN","message":"系统身份服务初始化成功"}
{"timestamp":"2026-09-03T09:34:15.334Z","level":3,"category":"SUPABASE","message":"CloudAnalysisService: Attempting to register device: 9e5062499c9d4fabd8f5cb15f8677dc71aaa5690c70e7b4d0cca252f26748e3e (force: false)"}
{"timestamp":"2026-09-03T09:34:15.634Z","level":2,"category":"CONFIG","message":"[ConfigOrchestrator] flushAndEmitChanges source=user changedKeys=[\"DEFAULT_LANGUAGE\"]"}
{"timestamp":"2026-09-03T09:34:15.634Z","level":2,"category":"MAIN","message":"语言暂未确认 (LANGUAGE_CONFIRMED = false)，跳过自动创建/切换数据库 (zh-CN)"}
{"timestamp":"2026-09-03T09:34:15.635Z","level":2,"category":"MODEL_CONFIG","message":"[UnifiedModelManager] 检测到模型相关配置或语言更新，正在重新加载..."}
{"timestamp":"2026-09-03T09:34:15.642Z","level":2,"category":"CONFIG","message":"[ConfigOrchestrator] flushAndEmitChanges source=user changedKeys=[\"LANGUAGE_CONFIRMED\"]"}
{"timestamp":"2026-09-03T09:34:15.642Z","level":2,"category":"MAIN","message":"用户已在欢迎界面确认语言 (zh-CN)，开始建立并初始化数据库..."}
{"timestamp":"2026-09-03T09:34:15.642Z","level":2,"category":"MAIN","message":"正在初始化数据库服务 (语言: zh-CN, 强制重新初始化)..."}
{"timestamp":"2026-09-03T09:34:15.647Z","level":2,"category":"DATABASE_SERVICE","message":"全新安装，准备执行架构初始化..."}
{"timestamp":"2026-09-03T09:34:15.647Z","level":2,"category":"DATABASE_SERVICE","message":"需要数据库迁移，正在创建备份..."}
{"timestamp":"2026-09-03T09:34:15.648Z","level":2,"category":"DATABASE_SERVICE","message":"数据库备份已创建: /root/.config/firefly-ai-folder-cn/fir**.db"}
{"timestamp":"2026-09-03T09:34:15.649Z","level":2,"category":"DATABASE_SERVICE","message":"正在执行迁移版本 2: direct_v2_2_initialization"}
{"timestamp":"2026-09-03T09:34:15.652Z","level":2,"category":"DATABASE_SERVICE","message":"迁移版本 2 批量执行成功"}
{"timestamp":"2026-09-03T09:34:15.652Z","level":2,"category":"DATABASE_SERVICE","message":"迁移版本 2 完成"}
{"timestamp":"2026-09-03T09:34:15.653Z","level":2,"category":"DATABASE_SERVICE","message":"正在执行迁移版本 3: add_memory_cache_table"}
{"timestamp":"2026-09-03T09:34:15.653Z","level":2,"category":"DATABASE_SERVICE","message":"迁移版本 3 批量执行成功"}
{"timestamp":"2026-09-03T09:34:15.653Z","level":2,"category":"DATABASE_SERVICE","message":"迁移版本 3 完成"}
{"timestamp":"2026-09-03T09:34:15.654Z","level":2,"category":"DATABASE_SERVICE","message":"正在执行迁移版本 4: add_analyzed_and_multi_virtual_directories"}
{"timestamp":"2026-09-03T09:34:15.658Z","level":2,"category":"DATABASE_SERVICE","message":"迁移版本 4 批量执行成功"}
{"timestamp":"2026-09-03T09:34:15.658Z","level":2,"category":"DATABASE_SERVICE","message":"迁移版本 4 完成"}
{"timestamp":"2026-09-03T09:34:15.659Z","level":2,"category":"DATABASE_SERVICE","message":"正在执行迁移版本 5: add_workspace_files_status_column"}
{"timestamp":"2026-09-03T09:34:15.659Z","level":2,"category":"DATABASE_SERVICE","message":"迁移版本 5 批量执行成功"}
{"timestamp":"2026-09-03T09:34:15.660Z","level":2,"category":"DATABASE_SERVICE","message":"迁移版本 5 完成"}
{"timestamp":"2026-09-03T09:34:15.660Z","level":2,"category":"DATABASE_SERVICE","message":"正在执行迁移版本 6: decouple_fts_tag_triggers"}
{"timestamp":"2026-09-03T09:34:15.660Z","level":2,"category":"DATABASE_SERVICE","message":"迁移版本 6 批量执行成功"}
{"timestamp":"2026-09-03T09:34:15.660Z","level":2,"category":"DATABASE_SERVICE","message":"迁移版本 6 完成"}
{"timestamp":"2026-09-03T09:34:15.660Z","level":2,"category":"DATABASE_SERVICE","message":"正在执行迁移版本 7: add_workspace_files_fingerprint_analyzed_covering_index"}
{"timestamp":"2026-09-03T09:34:15.661Z","level":2,"category":"DATABASE_SERVICE","message":"迁移版本 7 批量执行成功"}
{"timestamp":"2026-09-03T09:34:15.661Z","level":2,"category":"DATABASE_SERVICE","message":"迁移版本 7 完成"}
{"timestamp":"2026-09-03T09:34:15.661Z","level":2,"category":"DATABASE_SERVICE","message":"正在执行迁移版本 8: fix_misrouted_file_tags_to_content_dimension"}
{"timestamp":"2026-09-03T09:34:15.661Z","level":2,"category":"DATABASE_SERVICE","message":"迁移版本 8 批量执行成功"}
{"timestamp":"2026-09-03T09:34:15.662Z","level":2,"category":"DATABASE_SERVICE","message":"迁移版本 8 完成"}
{"timestamp":"2026-09-03T09:34:15.662Z","level":2,"category":"DATABASE_SERVICE","message":"迁移成功，已删除备份"}
{"timestamp":"2026-09-03T09:34:15.663Z","level":2,"category":"CONFIG","message":"ConfigDbManager: 成功导入初始 app_config 数据"}
{"timestamp":"2026-09-03T09:34:15.664Z","level":2,"category":"CONFIG","message":"ConfigDbManager: 成功导入初始 system_config 数据"}
{"timestamp":"2026-09-03T09:34:15.665Z","level":2,"category":"CONFIG","message":"ConfigDbManager: 成功导入初始 LOCAL_MODEL_CONFIGS 数据"}
{"timestamp":"2026-09-03T09:34:15.665Z","level":2,"category":"CONFIG","message":"ConfigDbManager: 成功导入初始 LOCAL_MODEL_CONFIGS_OLLAMA 数据"}
{"timestamp":"2026-09-03T09:34:15.667Z","level":2,"category":"CONFIG","message":"ConfigDbManager: 成功导入初始 CLOUD_MODEL_CONFIGS 数据 (35 个服务商)"}
{"timestamp":"2026-09-03T09:34:15.669Z","level":2,"category":"CONFIG","message":"ConfigDbManager: 成功导入 54 个 file_dimensions 数据"}
{"timestamp":"2026-09-03T09:34:15.670Z","level":2,"category":"CONFIG","message":"ConfigDbManager: 从本地 JSON 加载初始配置完成 (语言: zh-CN)"}
{"timestamp":"2026-09-03T09:34:15.674Z","level":2,"category":"CONFIG","message":"ConfigDbManager: 配置初始化成功 (语言: zh-CN)"}
{"timestamp":"2026-09-03T09:34:15.676Z","level":2,"category":"MODEL_CONFIG","message":"[UnifiedModelManager Debug] localVal=defined, ollamaVal=defined, hasConfigDbManager=false"}
{"timestamp":"2026-09-03T09:34:15.676Z","level":2,"category":"MODEL_CONFIG","message":"[UnifiedModelManager] 从统一配置中成功载入了 51 个模型配置"}
{"timestamp":"2026-09-03T09:34:15.676Z","level":2,"category":"SYSTEM","message":"[UserTierDataManager] welcome_grant 已插入: firecores=45, txId=f87963dd-6b43-b794-058a-ca1a031d931b"}
{"timestamp":"2026-09-03T09:34:15.677Z","level":2,"category":"SYSTEM","message":"[UserTierService] net modules keys: [\n  \"request\",\n  \"fetch\",\n  \"resolveHost\",\n  \"isOnline\"\n] isOnline type: function"}
{"timestamp":"2026-09-03T09:34:15.677Z","level":2,"category":"SYSTEM","message":"[UserTierService] 初始化开始, machineId: 9e5062499c9d4fabd8f5cb15f8677dc71aaa5690c70e7b4d0cca252f26748e3e"}
{"timestamp":"2026-09-03T09:34:15.677Z","level":2,"category":"SYSTEM","message":"[License] 开始授权状态校验... {\n  \"machineId\": \"9e5062499c9d4fabd8f5cb15f8677dc71aaa5690c70e7b4d0cca252f26748e3e\",\n  \"requestCode\": \"3YV0n74XlbpOey5z\",\n  \"licensePath\": \"/root/.config/firefly-ai-folder-cn/license.dat\",\n  \"isOnlineAuthorized\": false,\n  \"force\": false\n}"}
{"timestamp":"2026-09-03T09:34:15.677Z","level":2,"category":"SYSTEM","message":"[License] 开始校验在线授权真实网络连通性..."}
{"timestamp":"2026-09-03T09:34:15.677Z","level":3,"category":"SYSTEM","message":"[License] 使用 RegionDetectionService 的探测结果: true"}
{"timestamp":"2026-09-03T09:34:15.677Z","level":2,"category":"SYSTEM","message":"[License] 在线连通性校验通过，授予在线授权"}
{"timestamp":"2026-09-03T09:34:15.679Z","level":2,"category":"CONFIG","message":"[ConfigOrchestrator] flushAndEmitChanges source=user changedKeys=[\"LAST_SERVER_CONNECT_TIME\",\"LAST_SERVER_CONNECT_TIME_HMAC\"]"}
{"timestamp":"2026-09-03T09:34:15.682Z","level":2,"category":"CONFIG","message":"[ConfigOrchestrator] flushAndEmitChanges source=runtime changedKeys=[\"CACHE_KEY_DATA\"]"}
{"timestamp":"2026-09-03T09:34:15.683Z","level":2,"category":"SYSTEM","message":"[UserTierService] 初始化完成，开始后台同步"}
{"timestamp":"2026-09-03T09:34:15.683Z","level":2,"category":"SYSTEM","message":"[UserTierService] syncLocalCacheAndNotify 开始, machineId: 9e5062499c9d4fabd8f5cb15f8677dc71aaa5690c70e7b4d0cca252f26748e3e"}
{"timestamp":"2026-09-03T09:34:15.683Z","level":2,"category":"SYSTEM","message":"[UserTierDataManager] trySync 开始, isOnline: true"}
{"timestamp":"2026-09-03T09:34:15.684Z","level":2,"category":"SYSTEM","message":"[UserTierDataManager] replayOfflineQueue 找到待处理操作: 1"}
{"timestamp":"2026-09-03T09:34:15.684Z","level":2,"category":"SYSTEM","message":"[UserTierDataManager] 上报收入流水: welcome_grant, firecores: 45, id: f87963dd-6b43-b794-058a-ca1a031d931b"}
{"timestamp":"2026-09-03T09:34:15.685Z","level":2,"category":"SUPABASE","message":"[TierService] processIncomeTransaction 调用RPC: machineId=9e5062499c9d4fabd8f5cb15f8677dc71aaa5690c70e7b4d0cca252f26748e3e, type=welcome_grant, firecores=45, id=f87963dd-6b43-b794-058a-ca1a031d931b"}
{"timestamp":"2026-09-03T09:34:20.100Z","level":3,"category":"PERFORMANCE_OPTIMIZER","message":"性能指标获取完成，耗时: 0.31ms","data":{"requestLatency":0,"throughput":0,"memoryUsage":0.09974984365228268,"cpuUsage":1,"errorRate":0,"queueLength":0,"activeRequests":0,"timestamp":"2026-09-03T09:34:20.100Z"}}
{"timestamp":"2026-09-03T09:34:20.101Z","level":2,"category":"PERFORMANCE_OPTIMIZER","message":"开始性能优化"}
{"timestamp":"2026-09-03T09:34:20.101Z","level":3,"category":"PERFORMANCE_OPTIMIZER","message":"性能指标获取完成，耗时: 0.11ms","data":{"requestLatency":0,"throughput":0,"memoryUsage":0.09974984365228268,"cpuUsage":0.000888,"errorRate":0,"queueLength":0,"activeRequests":0,"timestamp":"2026-09-03T09:34:20.101Z"}}
{"timestamp":"2026-09-03T09:34:20.101Z","level":2,"category":"PERFORMANCE_OPTIMIZER","message":"并发数已增加: 4 -> 5"}
{"timestamp":"2026-09-03T09:34:20.101Z","level":2,"category":"PERFORMANCE_OPTIMIZER","message":"优化策略执行成功: increase-concurrency"}
{"timestamp":"2026-09-03T09:34:20.101Z","level":2,"category":"PERFORMANCE_OPTIMIZER","message":"性能优化完成，执行: 1，跳过: 0，错误: 0"}
{"timestamp":"2026-09-03T09:34:23.637Z","level":2,"category":"MAIN","message":"[Main] 首次访问目录，触发同步: /tmp/firefly-e2e-1788428049329-15/speedy-ws"}
{"timestamp":"2026-09-03T09:34:23.638Z","level":2,"category":"FILE_WATCHER","message":"开始全量同步目录: /tmp/firefly-e2e-1788428049329-15/speedy-ws"}
{"timestamp":"2026-09-03T09:34:23.639Z","level":2,"category":"FILE_WATCHER","message":"单层级扫描完成，找到 0 个文件, 0 个子目录: /tmp/firefly-e2e-1788428049329-15/speedy-ws"}
{"timestamp":"2026-09-03T09:34:23.639Z","level":2,"category":"FILE_WATCHER","message":"目录同步完成: /tmp/firefly-e2e-1788428049329-15/speedy-ws (新增:0, 更新:0, 删除:0, 子目录:0)"}
